
> tarafix@0.1.0 build
> next build

   Γû▓ Next.js 15.5.12
   - Environments: .env.local

   Creating an optimized production build ...
 Γ£ô Compiled successfully in 11.7s
   Skipping validation of types
   Skipping linting
   Collecting page data ...
   Generating static pages (0/16) ...
   Generating static pages (4/16) 
   Generating static pages (8/16) 
   Generating static pages (12/16) 
 Γ£ô Generating static pages (16/16)
   Finalizing page optimization ...
   Collecting build traces ...

Route (app)                                 Size  First Load JS
Γöî Γùï /                                    6.15 kB         167 kB
Γö£ Γùï /_not-found                            999 B         104 kB
Γö£ ╞Æ /admin                               4.61 kB         162 kB
Γö£ ╞Æ /api/mechanics                         127 B         103 kB
Γö£ ╞Æ /auth/callback                         127 B         103 kB
Γö£ Γùï /flowchart                            237 kB         344 kB
Γö£ Γùï /forgot-password                     1.67 kB         163 kB
Γö£ Γùï /icon.png                                0 B            0 B
Γö£ Γùï /login                               2.26 kB         163 kB
Γö£ ╞Æ /map                                 2.24 kB         163 kB
Γö£ ╞Æ /mechanics                           8.16 kB         169 kB
Γö£ ╞Æ /mechanics/[id]                       3.2 kB         164 kB
Γö£ Γùï /profile                             10.7 kB         171 kB
Γö£ Γùï /register                            2.47 kB         163 kB
Γö£ Γùï /register-mechanic                     52 kB         213 kB
Γö£ Γùï /reset-password                      1.71 kB         159 kB
Γö£ Γùï /shopregistration                    3.19 kB         164 kB
Γöö Γùï /test-maps                             968 B         104 kB
+ First Load JS shared by all             103 kB
  Γö£ chunks/388-570079725c9708a0.js       46.5 kB
  Γö£ chunks/4541e4b6-ee481dfc72d33f2c.js  54.2 kB
  Γöö other shared chunks (total)          2.61 kB


╞Æ Middleware                              107 kB

Γùï  (Static)   prerendered as static content
╞Æ  (Dynamic)  server-rendered on demand

